
> emotetechnology@0.0.0 build
> vite build

[36mvite v7.3.1 [32mbuilding client environment for production...[36m[39m
transforming...
[32mÎ“Â£Ã´[39m 76 modules transformed.
Î“Â£Ã¹ Build failed in 1.81s
error during build:
Could not resolve "../components/Job-portal/components/ErrorBoundary" from "src/pages/Jobs.jsx"
file: C:/Users/surya/Desktop/EmoteTechnology/client/src/pages/Jobs.jsx
    at getRollupError (file:///C:/Users/surya/Desktop/EmoteTechnology/client/node_modules/rollup/dist/es/shared/parseAst.js:401:41)
    at error (file:///C:/Users/surya/Desktop/EmoteTechnology/client/node_modules/rollup/dist/es/shared/parseAst.js:397:42)
    at ModuleLoader.handleInvalidResolvedId (file:///C:/Users/surya/Desktop/EmoteTechnology/client/node_modules/rollup/dist/es/shared/node-entry.js:21710:24)
    at file:///C:/Users/surya/Desktop/EmoteTechnology/client/node_modules/rollup/dist/es/shared/node-entry.js:21670:26
